A. 1/1 break-even premium m* (floors) for an outsider, flat fee s per re-roll, no token fee

  s = 0.005 SOL
           R       N |     F@100     m*@100     F@410     m*@410    F@1500    m*@1500
      10,000 100,000 |    0.0010   510000.0    0.0041   124390.2    0.0150    34000.0
      50,000  20,000 |    0.0050    20400.0    0.0205     4975.6    0.0750     1360.0
     100,000  10,000 |    0.0100     5100.0    0.0410     1243.9    0.1500      340.0
     200,000   5,000 |    0.0200     1275.0    0.0820      311.0    0.3000       85.0
     500,000   2,000 |    0.0500      204.0    0.2050       49.8    0.7500       13.6
   1,000,000   1,000 |    0.1000       51.0    0.4100       12.4    1.5000        3.4
   2,500,000     400 |    0.2500        8.2    1.0250        2.0    3.7500        0.5
   5,000,000     200 |    0.5000        2.0    2.0500        0.5    7.5000        0.1

  s = 0.01 SOL
           R       N |     F@100     m*@100     F@410     m*@410    F@1500    m*@1500
      10,000 100,000 |    0.0010  1010000.0    0.0041   246341.5    0.0150    67333.3
      50,000  20,000 |    0.0050    40400.0    0.0205     9853.7    0.0750     2693.3
     100,000  10,000 |    0.0100    10100.0    0.0410     2463.4    0.1500      673.3
     200,000   5,000 |    0.0200     2525.0    0.0820      615.9    0.3000      168.3
     500,000   2,000 |    0.0500      404.0    0.2050       98.5    0.7500       26.9
   1,000,000   1,000 |    0.1000      101.0    0.4100       24.6    1.5000        6.7
   2,500,000     400 |    0.2500       16.2    1.0250        3.9    3.7500        1.1
   5,000,000     200 |    0.5000        4.0    2.0500        1.0    7.5000        0.3

  vs B's D6 table (2% token fee + s=0.005, FDV 410):
   R=   10,000: B   126390.2x  ->  flat 0.01   246341.5x  (change  1.95x)
   R=  100,000: B     1443.9x  ->  flat 0.01     2463.4x  (change  1.71x)
   R=  500,000: B       89.8x  ->  flat 0.01       98.5x  (change  1.10x)
   R=1,000,000: B       32.4x  ->  flat 0.01       24.6x  (change  0.76x)
   R=5,000,000: B        4.5x  ->  flat 0.01        1.0x  (change  0.22x)
PASS A1_flat_fee_R5M_breakeven_thin :: R=5M FDV410 m*=0.99x: a 1/1 worth >~1.0 floors is +EV to grind
PASS A2_high_fdv_R5M_breakeven_near_1x :: R=5M FDV1500 m*=0.27x floor
PASS A3_R10k_grind_prohibitive :: R=10k FDV100 m*=1,010,000x

B. Release economics: fee as a share of the value returned (F), per release and per round trip
           R |   fee/F@100   fee/F@410  fee/F@1500 | round-trip capture+release (0.02) / F @100
      10,000 |    1000.0%      243.9%       66.7%  |  2000.0%
      50,000 |     200.0%       48.8%       13.3%  |   400.0%
     100,000 |     100.0%       24.4%        6.7%  |   200.0%
     200,000 |      50.0%       12.2%        3.3%  |   100.0%
     500,000 |      20.0%        4.9%        1.3%  |    40.0%
   1,000,000 |      10.0%        2.4%        0.7%  |    20.0%
   2,500,000 |       4.0%        1.0%        0.3%  |     8.0%
   5,000,000 |       2.0%        0.5%        0.1%  |     4.0%
PASS B1_release_uneconomic_at_low_ratio_low_fdv :: at FDV 100 the 0.01 SOL release fee >= value of N tokens for R in [10000, 50000, 100000] (release is a soft trap)

C. Insider (fee wallet owner) re-roll cost: fee returns to self, pays only TX + VRF
  VRF cost 0.0 SOL (example): insider 1/1 m* at R=1M FDV410 = 0.24x (outsider 24.6x)
  VRF cost 0.001 SOL (example): insider 1/1 m* at R=1M FDV410 = 2.68x (outsider 24.6x)
  VRF cost 0.002 SOL (example): insider 1/1 m* at R=1M FDV410 = 5.12x (outsider 24.6x)
PASS C1_insider_discount_large :: insider pays ~1/9 of outsider per draw at VRF 0.001

D. Program-funded VRF budget drain (only if the program pays VRF from a budget)
  VRF 0.001 SOL/draw vs fee 0.01 -> attacker cost 0.0101/draw, budget drain 0.0010/draw; fee covers VRF: True
  VRF 0.002 SOL/draw vs fee 0.01 -> attacker cost 0.0101/draw, budget drain 0.0020/draw; fee covers VRF: True
  VRF 0.005 SOL/draw vs fee 0.01 -> attacker cost 0.0101/draw, budget drain 0.0050/draw; fee covers VRF: True
  VRF 0.02 SOL/draw vs fee 0.01 -> attacker cost 0.0101/draw, budget drain 0.0200/draw; fee covers VRF: False
PASS D1_fee_must_cover_vrf_if_budget_funded :: If the fee goes to Barton and VRF is paid from a program budget, every draw drains the budget by the VRF cost; requester must pay VRF directly (Switchboard reward escrow funded by the requester) or the fee split must cover it

E. Rent-exempt edge for a fresh fee wallet (system transfer to a 0-lamport account)
  s=0.001 SOL = 1,000,000 lamports: first transfer to an empty wallet OK
  s=0.005 SOL = 5,000,000 lamports: first transfer to an empty wallet OK
  s=0.01 SOL = 10,000,000 lamports: first transfer to an empty wallet OK
PASS E1_0.01_clears_rent_floor :: 0.01 SOL = 10,000,000 >= 890,880; floor must stay >= 890,880 (M-30)

F. Barton's 4:52 PM MT refinement: fee TIERED BY RATIO (same fee on capture, release, re-roll; cap 0.01 SOL)
           R    fee       N |     m*@100     m*@410    m*@1500 |  rel/F@100  rel/F@410 rel/F@1500
      10,000  0.002 100,000 |   210000.0    51219.5    14000.0 |    200.0%      48.8%      13.3% 
      50,000  0.002  20,000 |     8400.0     2048.8      560.0 |     40.0%       9.8%       2.7% 
     100,000  0.005  10,000 |     5100.0     1243.9      340.0 |     50.0%      12.2%       3.3% 
     200,000  0.005   5,000 |     1275.0      311.0       85.0 |     25.0%       6.1%       1.7% 
     500,000  0.010   2,000 |      404.0       98.5       26.9 |     20.0%       4.9%       1.3% 
   1,000,000  0.010   1,000 |      101.0       24.6        6.7 |     10.0%       2.4%       0.7% 
   2,500,000  0.010     400 |       16.2        3.9        1.1 |      4.0%       1.0%       0.3% 
   5,000,000  0.010     200 |        4.0        1.0        0.3 |      2.0%       0.5%       0.1% 
  (N = 1B/R; with MAX_COLLECTION_SIZE = 10,000 in the WT, N = min(1B/R, 10,000): m* scales with N, so at R=10k/50k
   with N capped at 10,000 the m* column is 10x / 2x lower than shown.)
   R=10,000 N capped 10,000: m*@100=21000.0x, @410=5122.0x, @1500=1400.0x
   R=50,000 N capped 10,000: m*@100=4200.0x, @410=1024.4x, @1500=280.0x
PASS F1_tiers_keep_R5M_thin :: top ratios unchanged at 0.01: R=5M m*~1x floor at FDV 410
PASS F2_tiers_cut_release_trap_at_R10k :: R=10k FDV100 release fee/F: 200% (was 1000% at 0.01)
PASS F3_release_still_exceeds_value_R10k_FDV100 :: 0.002 SOL fee > 0.001 SOL value of N tokens at FDV 100: soft trap persists at the lowest ratio

SUMMARY: 10 / 10 checks passed
